Copyright 1986-2022 Xilinx, Inc. All Rights Reserved. Copyright 2022-2025 Advanced Micro Devices, Inc. All Rights Reserved.
---------------------------------------------------------------------------------------------------------------------------------------------
| Tool Version : Vivado v.2025.2 (win64) Build 6299465 Fri Nov 14 19:35:11 GMT 2025
| Date         : Sun Apr 12 14:42:21 2026
| Host         : SaigesGamingPC running 64-bit major release  (build 9200)
| Command      : report_control_sets -verbose -file OTTER_Wrapper_control_sets_placed.rpt
| Design       : OTTER_Wrapper
| Device       : xc7a35t
---------------------------------------------------------------------------------------------------------------------------------------------

Control Set Information

Table of Contents
-----------------
1. Summary
2. Histogram
3. Flip-Flop Distribution
4. Detailed Control Set Information

1. Summary
----------

+----------------------------------------------------------+-------+
|                          Status                          | Count |
+----------------------------------------------------------+-------+
| Total control sets                                       |    27 |
|    Minimum number of control sets                        |    27 |
|    Addition due to synthesis replication                 |     0 |
|    Addition due to physical synthesis replication        |     0 |
| Unused register locations in slices containing registers |    71 |
+----------------------------------------------------------+-------+
* Control sets can be merged at opt_design using control_set_merge or merge_equivalent_drivers
** Run report_qor_suggestions for automated merging and remapping suggestions


2. Histogram
------------

+--------------------+-------+
|       Fanout       | Count |
+--------------------+-------+
| Total control sets |    27 |
| >= 0 to < 4        |     4 |
| >= 4 to < 6        |     2 |
| >= 6 to < 8        |     2 |
| >= 8 to < 10       |     6 |
| >= 10 to < 12      |     3 |
| >= 12 to < 14      |     1 |
| >= 14 to < 16      |     1 |
| >= 16              |     8 |
+--------------------+-------+
* Control sets can be remapped at either synth_design or opt_design


3. Flip-Flop Distribution
-------------------------

+--------------+-----------------------+------------------------+-----------------+--------------+
| Clock Enable | Synchronous Set/Reset | Asynchronous Set/Reset | Total Registers | Total Slices |
+--------------+-----------------------+------------------------+-----------------+--------------+
| No           | No                    | No                     |              54 |           27 |
| No           | No                    | Yes                    |               0 |            0 |
| No           | Yes                   | No                     |              43 |           17 |
| Yes          | No                    | No                     |             104 |           42 |
| Yes          | No                    | Yes                    |               0 |            0 |
| Yes          | Yes                   | No                     |             112 |           52 |
+--------------+-----------------------+------------------------+-----------------+--------------+


4. Detailed Control Set Information
-----------------------------------

+-----------------------------+----------------------------------------------------------+------------------------------------------+------------------+----------------+--------------+
|         Clock Signal        |                       Enable Signal                      |             Set/Reset Signal             | Slice Load Count | Bel Load Count | Bels / Slice |
+-----------------------------+----------------------------------------------------------+------------------------------------------+------------------+----------------+--------------+
|  VGA/clk_25                 |                                                          | VGA/vga_out/VSYNC0                       |                1 |              1 |         1.00 |
|  VGA/clk_25                 |                                                          | VGA/vga_out/HSYNC0                       |                1 |              1 |         1.00 |
|  SSG_DISP/CathMod/s_clk_500 |                                                          | SSG_DISP/CathMod/r_disp_digit[0]         |                2 |              2 |         1.00 |
|  SSG_DISP/CathMod/s_clk_500 |                                                          | SSG_DISP/CathMod/r_disp_digit[0]_i_1_n_0 |                1 |              2 |         2.00 |
|  CLK50                      | KEYBD/keybd/ps2_rx_unit/p_0_in                           |                                          |                1 |              4 |         4.00 |
|  sclk_BUFG                  | MCU/CU_FSM/memRead1                                      |                                          |                2 |              4 |         2.00 |
|  CLK50                      | KEYBD/keybd/ps2_rx_unit/FSM_onehot_state_reg_reg[1]      |                                          |                1 |              6 |         6.00 |
|  sclk_BUFG                  |                                                          | DB/s_db_count[7]_i_1_n_0                 |                3 |              7 |         2.33 |
|  CLK_IBUF_BUFG              |                                                          |                                          |                3 |              8 |         2.67 |
|  CLK_IBUF_BUFG              | KEYBD/keybd/ps2_rx_unit/FSM_onehot_state_reg_reg[0]_0[0] |                                          |                1 |              8 |         8.00 |
|  CLK50                      | KEYBD/keybd/ps2_rx_unit/E[0]                             |                                          |                2 |              8 |         4.00 |
|  sclk_BUFG                  | MCU/memory/state_reg[1]                                  | MCU/memory/ioIn_buffer[15]_i_1_n_0       |                3 |              8 |         2.67 |
|  sclk_BUFG                  | MCU/memory/state_reg[1]                                  | MCU/memory/ioIn_buffer[7]_i_1_n_0        |                2 |              8 |         4.00 |
|  SSG_DISP/CathMod/s_clk_500 |                                                          |                                          |                5 |              9 |         1.80 |
|  VGA/clk_25                 |                                                          |                                          |                5 |             10 |         2.00 |
|  VGA/clk_25                 |                                                          | VGA/vga_out/horizontal[9]_i_1_n_0        |                4 |             10 |         2.50 |
|  CLK50                      | KEYBD/keybd/ps2_rx_unit/d_reg[10]_i_1_n_0                |                                          |                2 |             10 |         5.00 |
|  CLK50                      |                                                          |                                          |                5 |             12 |         2.40 |
|  sclk_BUFG                  |                                                          |                                          |                9 |             15 |         1.67 |
|  sclk_BUFG                  | MCU/memory/ioIn_buffer[15]_i_4_0                         | MCU/memory/mtvec[19]_i_1_0               |                5 |             16 |         3.20 |
|  sclk_BUFG                  | MCU/memory/state_reg[0]                                  | MCU/memory/LEDS[15]_i_3_0                |                5 |             16 |         3.20 |
|  CLK_IBUF_BUFG              |                                                          | SSG_DISP/CathMod/clear                   |                5 |             20 |         4.00 |
|  sclk_BUFG                  | MCU/CU_FSM/state_reg[1]_1[0]                             |                                          |               23 |             32 |         1.39 |
|  sclk_BUFG                  | MCU/memory/memory_reg_mux_sel_b_pos_0_18                 | MCU/memory/memory_reg_mux_sel_b_pos_0_17 |               17 |             32 |         1.88 |
|  sclk_BUFG                  | MCU/memory/E[0]                                          | BTNC_IBUF                                |               20 |             32 |         1.60 |
|  sclk_BUFG                  | RF_reg_r1_0_31_6_11_i_58_n_0                             |                                          |               10 |             32 |         3.20 |
|  sclk_BUFG                  | MCU/memory/p_0_in                                        |                                          |               11 |             88 |         8.00 |
+-----------------------------+----------------------------------------------------------+------------------------------------------+------------------+----------------+--------------+


