#-----------------------------------------------------------
# Vivado v2025.2 (64-bit)
# SW Build 6299465 on Fri Nov 14 19:35:11 GMT 2025
# IP Build 6300035 on Fri Nov 14 10:48:45 MST 2025
# SharedData Build 6298862 on Thu Nov 13 04:50:51 MST 2025
# Start of session at: Sun Apr 12 21:58:15 2026
# Process ID         : 22640
# Current directory  : G:/projects/CPE333_Projects/lab2_test/lab2_test.runs/impl_1
# Command line       : vivado.exe -log OTTER_Wrapper.vdi -applog -product Vivado -messageDb vivado.pb -mode batch -source OTTER_Wrapper.tcl -notrace
# Log file           : G:/projects/CPE333_Projects/lab2_test/lab2_test.runs/impl_1/OTTER_Wrapper.vdi
# Journal file       : G:/projects/CPE333_Projects/lab2_test/lab2_test.runs/impl_1\vivado.jou
# Running On         : SaigesGamingPC
# Platform           : Windows Server 2016 or Windows 10
# Operating System   : 26200
# Processor Detail   : AMD Ryzen 5 3600 6-Core Processor              
# CPU Frequency      : 3900 MHz
# CPU Physical cores : 6
# CPU Logical cores  : 12
# Host memory        : 34265 MB
# Swap memory        : 0 MB
# Total Virtual      : 34265 MB
# Available Virtual  : 11199 MB
#-----------------------------------------------------------
source OTTER_Wrapper.tcl -notrace
