Copyright 1986-2022 Xilinx, Inc. All Rights Reserved. Copyright 2022-2025 Advanced Micro Devices, Inc. All Rights Reserved.
---------------------------------------------------------------------------------------------------------------------------------------------
| Tool Version : Vivado v.2025.2 (win64) Build 6299465 Fri Nov 14 19:35:11 GMT 2025
| Date         : Sat Apr 11 22:32:26 2026
| Host         : SaigesGamingPC running 64-bit major release  (build 9200)
| Command      : report_control_sets -verbose -file OTTER_Wrapper_control_sets_placed.rpt
| Design       : OTTER_Wrapper
| Device       : xc7a35t
---------------------------------------------------------------------------------------------------------------------------------------------

Control Set Information

Table of Contents
-----------------
1. Summary
2. Histogram
3. Flip-Flop Distribution
4. Detailed Control Set Information

1. Summary
----------

+----------------------------------------------------------+-------+
|                          Status                          | Count |
+----------------------------------------------------------+-------+
| Total control sets                                       |    14 |
|    Minimum number of control sets                        |    14 |
|    Addition due to synthesis replication                 |     0 |
|    Addition due to physical synthesis replication        |     0 |
| Unused register locations in slices containing registers |    40 |
+----------------------------------------------------------+-------+
* Control sets can be merged at opt_design using control_set_merge or merge_equivalent_drivers
** Run report_qor_suggestions for automated merging and remapping suggestions


2. Histogram
------------

+--------------------+-------+
|       Fanout       | Count |
+--------------------+-------+
| Total control sets |    14 |
| >= 0 to < 4        |     3 |
| >= 4 to < 6        |     3 |
| >= 6 to < 8        |     0 |
| >= 8 to < 10       |     1 |
| >= 10 to < 12      |     0 |
| >= 12 to < 14      |     0 |
| >= 14 to < 16      |     0 |
| >= 16              |     7 |
+--------------------+-------+
* Control sets can be remapped at either synth_design or opt_design


3. Flip-Flop Distribution
-------------------------

+--------------+-----------------------+------------------------+-----------------+--------------+
| Clock Enable | Synchronous Set/Reset | Asynchronous Set/Reset | Total Registers | Total Slices |
+--------------+-----------------------+------------------------+-----------------+--------------+
| No           | No                    | No                     |              16 |           10 |
| No           | No                    | Yes                    |               0 |            0 |
| No           | Yes                   | No                     |              28 |           10 |
| Yes          | No                    | No                     |              68 |           27 |
| Yes          | No                    | Yes                    |               0 |            0 |
| Yes          | Yes                   | No                     |              48 |           18 |
+--------------+-----------------------+------------------------+-----------------+--------------+


4. Detailed Control Set Information
-----------------------------------

+-----------------------------+--------------------------------------------+------------------------------------------+------------------+----------------+--------------+
|         Clock Signal        |                Enable Signal               |             Set/Reset Signal             | Slice Load Count | Bel Load Count | Bels / Slice |
+-----------------------------+--------------------------------------------+------------------------------------------+------------------+----------------+--------------+
|  SSG_DISP/CathMod/s_clk_500 |                                            | SSG_DISP/CathMod/r_disp_digit[0]_i_1_n_0 |                1 |              2 |         2.00 |
|  SSG_DISP/CathMod/s_clk_500 |                                            | SSG_DISP/CathMod/r_disp_digit[0]         |                1 |              2 |         2.00 |
|  CLK_IBUF_BUFG              |                                            |                                          |                2 |              2 |         1.00 |
|  clk_50_BUFG                |                                            | BTNC_IBUF                                |                3 |              4 |         1.33 |
|  clk_50_BUFG                | CPU/OTTER_FSM/Q[1]                         |                                          |                1 |              4 |         4.00 |
|  clk_50_BUFG                |                                            |                                          |                2 |              5 |         2.50 |
|  SSG_DISP/CathMod/s_clk_500 |                                            |                                          |                6 |              9 |         1.50 |
|  clk_50_BUFG                | CPU/OTTER_MEMORY/FSM_onehot_PS_reg[2][0]   |                                          |                9 |             16 |         1.78 |
|  clk_50_BUFG                | CPU/OTTER_MEMORY/FSM_onehot_PS_reg[2]_0[0] |                                          |                6 |             16 |         2.67 |
|  clk_50_BUFG                | CPU/OTTER_MEMORY/D[0]                      | CPU/OTTER_MEMORY/ioBuffer[15]_i_1_n_0    |                7 |             16 |         2.29 |
|  CLK_IBUF_BUFG              |                                            | SSG_DISP/CathMod/clear                   |                5 |             20 |         4.00 |
|  clk_50_BUFG                | CPU/OTTER_MEMORY/E[0]                      | CPU/OTTER_FSM/Q[0]                       |               11 |             32 |         2.91 |
|  clk_50_BUFG                | ram_reg_r1_0_31_0_5_i_121_n_0              |                                          |               11 |             32 |         2.91 |
|  clk_50_BUFG                | CPU/OTTER_MEMORY/p_0_in0_out               |                                          |               11 |             88 |         8.00 |
+-----------------------------+--------------------------------------------+------------------------------------------+------------------+----------------+--------------+


